Variables, parameters, and constraints workflow complete.
Components: 7
Scenarios: 6
Outputs: outputs
pytest: skipped_or_failed
null device 
          1 
           scenario final_stock mean_stock min_stock max_stock shortage_periods
1          baseline   100.00000  95.135145  80.00000       100                0
2        low_inflow     0.00000  30.417984   0.00000        80                9
3       high_demand    32.30456  52.655748  32.30456        80                0
4    high_loss_rate    52.59057  61.275842  52.59057        80                0
5    tight_capacity    75.00000  74.737183  70.00000        75                0
6 constraint_stress     0.00000   2.750672   0.00000        40               54
  overflow_periods total_shortage total_overflow
1               30       0.000000       14.95134
2                0       8.832455        0.00000
3                0       0.000000        0.00000
4                0       0.000000        0.00000
5               56       0.000000       48.61548
6                0     212.389548        0.00000
                                                description
1             Reference component-aware stock-flow scenario
2                                     Lower inflow scenario
3                                    Higher demand scenario
4                       Higher loss-rate parameter scenario
5                      Tighter capacity constraint scenario
6 Stress scenario designed to activate shortage constraints
                          constraint_review
1 constraint active or failure mode visible
2 constraint active or failure mode visible
3    no shortage or overflow under scenario
4    no shortage or overflow under scenario
5 constraint active or failure mode visible
6 constraint active or failure mode visible
mkdir -p outputs/tables
sqlite3 outputs/tables/variables_parameters_constraints.sqlite < sql/schema.sql
sqlite3 outputs/tables/variables_parameters_constraints.sqlite < sql/analysis_queries.sql > outputs/tables/sql_diagnostic_report.txt
cd go && go run main.go
go_baseline final_stock=100.000 total_shortage=0.000 total_overflow=14.951
go_constraint_stress final_stock=0.000 total_shortage=212.390 total_overflow=0.000
/Library/Developer/CommandLineTools/usr/bin/make -C cpp run
c++ -O2 -std=c++17 component_resource_model.cpp -o component_resource_model
./component_resource_model > ../outputs/tables/cpp_component_resource_summary.txt
gfortran -O2 fortran/component_resource_model.f90 -o outputs/component_resource_model_fortran
./outputs/component_resource_model_fortran > outputs/tables/fortran_component_resource_summary.txt
cc -O2 -std=c11 c/component_resource_model.c -o outputs/component_resource_model_c
./outputs/component_resource_model_c > outputs/tables/c_component_resource_summary.csv 2> outputs/logs/c_component_resource_stderr.log
