
[1;34m[22:26:12][0m Python workflow
Model purpose workflow complete.
Purpose records: 6
Scenarios: 6
Outputs: outputs
pytest: skipped_or_failed

[1;34m[22:26:12][0m R workflow
null device 
          1 
                  scenario          purpose final_stock mean_stock min_stock
1     explanatory_baseline      explanation   100.00000  95.135145  80.00000
2    prediction_low_inflow       prediction     0.00000  30.417984   0.00000
3 control_demand_reduction          control    52.17766  64.049186  52.17766
4  decision_support_stress decision_support     0.00000  14.694469   0.00000
5  simulation_extreme_case       simulation     0.00000   5.717281   0.00000
6  optimization_proxy_case     optimization    32.30456  52.655748  32.30456
  max_stock shortage_periods total_shortage shortage_risk minimum_stock_margin
1       100                0       0.000000     0.0000000            0.8000000
2        80                9       8.832455     0.1475410            0.0000000
3        80                0       0.000000     0.0000000            0.5217766
4        70               33      48.390878     0.5409836            0.0000000
5        60               66     178.958491     0.8148148            0.0000000
6        80                0       0.000000     0.0000000            0.3230456
                                  description
1 Mechanism-oriented stock-flow demonstration
2         Forecast-oriented lower inflow case
3      Control-oriented demand reduction case
4                Decision-support stress case
5          Exploratory simulation stress case
6       Optimization-style proxy control case
                                            review_note
1                  interpret as mechanism demonstration
2          requires forecast validation and uncertainty
3         requires feedback, robustness, and monitoring
4 requires decision context, trade-offs, and governance
5 requires decision context, trade-offs, and governance
6         requires objective and constraint sensitivity

[1;34m[22:26:13][0m SQL workflow
mkdir -p outputs/tables
sqlite3 outputs/tables/model_purpose.sqlite < sql/schema.sql
sqlite3 outputs/tables/model_purpose.sqlite < sql/analysis_queries.sql > outputs/tables/sql_diagnostic_report.txt

[1;34m[22:26:13][0m Go workflow
cd go && go run main.go
go_explanation purpose=explanation final_stock=100.000 total_shortage=0.000
go_prediction purpose=prediction final_stock=0.000 total_shortage=8.832
go_control purpose=control final_stock=51.895 total_shortage=0.000
go_decision_support purpose=decision_support final_stock=0.000 total_shortage=48.391

[1;34m[22:26:13][0m C++ workflow
/Library/Developer/CommandLineTools/usr/bin/make -C cpp run
c++ -O2 -std=c++17 model_purpose_resource_model.cpp -o model_purpose_resource_model
./model_purpose_resource_model > ../outputs/tables/cpp_model_purpose_resource_summary.txt

[1;34m[22:26:15][0m Fortran workflow
gfortran -O2 fortran/model_purpose_resource_model.f90 -o outputs/model_purpose_resource_model_fortran
./outputs/model_purpose_resource_model_fortran > outputs/tables/fortran_model_purpose_resource_summary.txt

[1;34m[22:26:15][0m C workflow
cc -O2 -std=c11 c/model_purpose_resource_model.c -o outputs/model_purpose_resource_model_c
./outputs/model_purpose_resource_model_c > outputs/tables/c_model_purpose_resource_summary.csv 2> outputs/logs/c_model_purpose_resource_stderr.log
